Component: ARM Compiler 5.05 update 2 (build 169) Tool: armlink [4d0f33]

==============================================================================

Section Cross References

    main.o(.text) refers to stm32f10x_usart.o(.text) for USART_GetFlagStatus
    main.o(.text) refers to ffixu.o(x$fpl$ffixu) for __aeabi_f2uiz
    main.o(.text) refers to feqf.o(x$fpl$feqf) for __aeabi_cfcmpeq
    main.o(.text) refers to systick.o(.text) for SysTick_Init_Config
    main.o(.text) refers to led.o(.text) for GPIO_Config
    main.o(.text) refers to timer.o(.text) for Timer2_Init_Config
    main.o(.text) refers to usart.o(.text) for USART1_Init_Config
    main.o(.text) refers to stm32f10x_tim.o(.text) for TIM_GetITStatus
    main.o(.text) refers to main.o(.bss) for Uart2_Buf
    main.o(.text) refers to main.o(.data) for First_Int
    main.o(.data) refers to main.o(.conststring) for .conststring
    stm32f10x_it.o(.text) refers to systick.o(.text) for SysTickDelayTime_Counter
    usart.o(.text) refers to stm32f10x_rcc.o(.text) for RCC_APB2PeriphClockCmd
    usart.o(.text) refers to stm32f10x_usart.o(.text) for USART_DeInit
    usart.o(.text) refers to stm32f10x_gpio.o(.text) for GPIO_Init
    usart.o(.text) refers to misc.o(.text) for NVIC_Init
    usart.o(.text) refers to ffixu.o(x$fpl$ffixu) for __aeabi_f2uiz
    usart.o(.text) refers to feqf.o(x$fpl$feqf) for __aeabi_cfcmpeq
    key.o(.text) refers to stm32f10x_rcc.o(.text) for RCC_APB2PeriphClockCmd
    key.o(.text) refers to stm32f10x_gpio.o(.text) for GPIO_Init
    key.o(.text) refers to systick.o(.text) for Delay_nMs
    led.o(.text) refers to stm32f10x_gpio.o(.text) for GPIO_ResetBits
    led.o(.text) refers to stm32f10x_rcc.o(.text) for RCC_APB2PeriphClockCmd
    systick.o(.text) refers to system_stm32f10x.o(.data) for SystemCoreClock
    systick.o(.text) refers to systick.o(.data) for SysTickDelayTime
    timer.o(.text) refers to stm32f10x_rcc.o(.text) for RCC_APB1PeriphClockCmd
    timer.o(.text) refers to stm32f10x_tim.o(.text) for TIM_TimeBaseInit
    timer.o(.text) refers to misc.o(.text) for NVIC_Init
    stm32f10x_gpio.o(.text) refers to stm32f10x_rcc.o(.text) for RCC_APB2PeriphResetCmd
    stm32f10x_rcc.o(.text) refers to stm32f10x_rcc.o(.data) for APBAHBPrescTable
    stm32f10x_tim.o(.text) refers to stm32f10x_rcc.o(.text) for RCC_APB2PeriphResetCmd
    stm32f10x_usart.o(.text) refers to stm32f10x_rcc.o(.text) for RCC_APB2PeriphResetCmd
    system_stm32f10x.o(.text) refers to system_stm32f10x.o(.data) for SystemCoreClock
    startup_stm32f10x_md.o(STACK) refers (Special) to heapauxi.o(.text) for __use_two_region_memory
    startup_stm32f10x_md.o(HEAP) refers (Special) to heapauxi.o(.text) for __use_two_region_memory
    startup_stm32f10x_md.o(RESET) refers (Special) to heapauxi.o(.text) for __use_two_region_memory
    startup_stm32f10x_md.o(RESET) refers to startup_stm32f10x_md.o(STACK) for __initial_sp
    startup_stm32f10x_md.o(RESET) refers to startup_stm32f10x_md.o(.text) for Reset_Handler
    startup_stm32f10x_md.o(RESET) refers to stm32f10x_it.o(.text) for NMI_Handler
    startup_stm32f10x_md.o(RESET) refers to main.o(.text) for TIM2_IRQHandler
    startup_stm32f10x_md.o(RESET) refers to usart.o(.text) for USART1_IRQHandler
    startup_stm32f10x_md.o(.text) refers (Special) to heapauxi.o(.text) for __use_two_region_memory
    startup_stm32f10x_md.o(.text) refers to system_stm32f10x.o(.text) for SystemInit
    startup_stm32f10x_md.o(.text) refers to __main.o(!!!main) for __main
    startup_stm32f10x_md.o(.text) refers to startup_stm32f10x_md.o(HEAP) for Heap_Mem
    startup_stm32f10x_md.o(.text) refers to startup_stm32f10x_md.o(STACK) for Stack_Mem
    __main.o(!!!main) refers to __rtentry.o(.ARM.Collect$$rtentry$$00000000) for __rt_entry
    feqf.o(x$fpl$feqf) refers (Special) to usenofp.o(x$fpl$usenofp) for __I$use$fp
    feqf.o(x$fpl$feqf) refers to fnaninf.o(x$fpl$fnaninf) for __fpl_fnaninf
    feqf.o(x$fpl$feqf) refers to fcmpi.o(x$fpl$fcmpinf) for __fpl_fcmp_Inf
    ffixu.o(x$fpl$ffixu) refers (Special) to usenofp.o(x$fpl$usenofp) for __I$use$fp
    ffixu.o(x$fpl$ffixu) refers to fnaninf.o(x$fpl$fnaninf) for __fpl_fnaninf
    ffixu.o(x$fpl$ffixur) refers (Special) to usenofp.o(x$fpl$usenofp) for __I$use$fp
    ffixu.o(x$fpl$ffixur) refers to fnaninf.o(x$fpl$fnaninf) for __fpl_fnaninf
    __rtentry.o(.ARM.Collect$$rtentry$$00000000) refers (Special) to __rtentry2.o(.ARM.Collect$$rtentry$$0000000A) for __rt_entry_li
    __rtentry.o(.ARM.Collect$$rtentry$$00000000) refers (Special) to __rtentry2.o(.ARM.Collect$$rtentry$$0000000D) for __rt_entry_main
    __rtentry.o(.ARM.Collect$$rtentry$$00000000) refers (Special) to __rtentry2.o(.ARM.Collect$$rtentry$$0000000C) for __rt_entry_postli_1
    __rtentry.o(.ARM.Collect$$rtentry$$00000000) refers (Special) to __rtentry2.o(.ARM.Collect$$rtentry$$00000009) for __rt_entry_postsh_1
    __rtentry.o(.ARM.Collect$$rtentry$$00000000) refers (Special) to __rtentry2.o(.ARM.Collect$$rtentry$$00000002) for __rt_entry_presh_1
    __rtentry.o(.ARM.Collect$$rtentry$$00000000) refers (Special) to __rtentry4.o(.ARM.Collect$$rtentry$$00000004) for __rt_entry_sh
    fcmpi.o(x$fpl$fcmpinf) refers (Special) to usenofp.o(x$fpl$usenofp) for __I$use$fp
    fnaninf.o(x$fpl$fnaninf) refers (Special) to usenofp.o(x$fpl$usenofp) for __I$use$fp
    __rtentry2.o(.ARM.Collect$$rtentry$$00000008) refers to boardinit2.o(.text) for _platform_post_stackheap_init
    __rtentry2.o(.ARM.Collect$$rtentry$$0000000A) refers to libinit.o(.ARM.Collect$$libinit$$00000000) for __rt_lib_init
    __rtentry2.o(.ARM.Collect$$rtentry$$0000000B) refers to boardinit3.o(.text) for _platform_post_lib_init
    __rtentry2.o(.ARM.Collect$$rtentry$$0000000D) refers to main.o(.text) for main
    __rtentry2.o(.ARM.Collect$$rtentry$$0000000D) refers to exit.o(.text) for exit
    __rtentry2.o(.ARM.exidx) refers to __rtentry2.o(.ARM.Collect$$rtentry$$00000001) for .ARM.Collect$$rtentry$$00000001
    __rtentry2.o(.ARM.exidx) refers to __rtentry2.o(.ARM.Collect$$rtentry$$00000008) for .ARM.Collect$$rtentry$$00000008
    __rtentry2.o(.ARM.exidx) refers to __rtentry2.o(.ARM.Collect$$rtentry$$0000000A) for .ARM.Collect$$rtentry$$0000000A
    __rtentry2.o(.ARM.exidx) refers to __rtentry2.o(.ARM.Collect$$rtentry$$0000000B) for .ARM.Collect$$rtentry$$0000000B
    __rtentry2.o(.ARM.exidx) refers to __rtentry2.o(.ARM.Collect$$rtentry$$0000000D) for .ARM.Collect$$rtentry$$0000000D
    __rtentry4.o(.ARM.Collect$$rtentry$$00000004) refers to sys_stackheap_outer.o(.text) for __user_setup_stackheap
    __rtentry4.o(.ARM.exidx) refers to __rtentry4.o(.ARM.Collect$$rtentry$$00000004) for .ARM.Collect$$rtentry$$00000004
    sys_stackheap_outer.o(.text) refers to libspace.o(.text) for __user_perproc_libspace
    sys_stackheap_outer.o(.text) refers to startup_stm32f10x_md.o(.text) for __user_initial_stackheap
    exit.o(.text) refers to rtexit.o(.ARM.Collect$$rtexit$$00000000) for __rt_exit
    libinit.o(.ARM.Collect$$libinit$$00000000) refers (Special) to libinit2.o(.ARM.Collect$$libinit$$0000002E) for __rt_lib_init_alloca_1
    libinit.o(.ARM.Collect$$libinit$$00000000) refers (Special) to libinit2.o(.ARM.Collect$$libinit$$0000002C) for __rt_lib_init_argv_1
    libinit.o(.ARM.Collect$$libinit$$00000000) refers (Special) to libinit2.o(.ARM.Collect$$libinit$$0000001B) for __rt_lib_init_atexit_1
    libinit.o(.ARM.Collect$$libinit$$00000000) refers (Special) to libinit2.o(.ARM.Collect$$libinit$$00000021) for __rt_lib_init_clock_1
    libinit.o(.ARM.Collect$$libinit$$00000000) refers (Special) to libinit2.o(.ARM.Collect$$libinit$$00000032) for __rt_lib_init_cpp_1
    libinit.o(.ARM.Collect$$libinit$$00000000) refers (Special) to libinit2.o(.ARM.Collect$$libinit$$00000030) for __rt_lib_init_exceptions_1
    libinit.o(.ARM.Collect$$libinit$$00000000) refers (Special) to libinit2.o(.ARM.Collect$$libinit$$00000002) for __rt_lib_init_fp_1
    libinit.o(.ARM.Collect$$libinit$$00000000) refers (Special) to libinit2.o(.ARM.Collect$$libinit$$0000001F) for __rt_lib_init_fp_trap_1
    libinit.o(.ARM.Collect$$libinit$$00000000) refers (Special) to libinit2.o(.ARM.Collect$$libinit$$00000023) for __rt_lib_init_getenv_1
    libinit.o(.ARM.Collect$$libinit$$00000000) refers (Special) to libinit2.o(.ARM.Collect$$libinit$$0000000A) for __rt_lib_init_heap_1
    libinit.o(.ARM.Collect$$libinit$$00000000) refers (Special) to libinit2.o(.ARM.Collect$$libinit$$00000011) for __rt_lib_init_lc_collate_1
    libinit.o(.ARM.Collect$$libinit$$00000000) refers (Special) to libinit2.o(.ARM.Collect$$libinit$$00000013) for __rt_lib_init_lc_ctype_1
    libinit.o(.ARM.Collect$$libinit$$00000000) refers (Special) to libinit2.o(.ARM.Collect$$libinit$$00000015) for __rt_lib_init_lc_monetary_1
    libinit.o(.ARM.Collect$$libinit$$00000000) refers (Special) to libinit2.o(.ARM.Collect$$libinit$$00000017) for __rt_lib_init_lc_numeric_1
    libinit.o(.ARM.Collect$$libinit$$00000000) refers (Special) to libinit2.o(.ARM.Collect$$libinit$$00000019) for __rt_lib_init_lc_time_1
    libinit.o(.ARM.Collect$$libinit$$00000000) refers (Special) to libinit2.o(.ARM.Collect$$libinit$$00000004) for __rt_lib_init_preinit_1
    libinit.o(.ARM.Collect$$libinit$$00000000) refers (Special) to libinit2.o(.ARM.Collect$$libinit$$0000000E) for __rt_lib_init_rand_1
    libinit.o(.ARM.Collect$$libinit$$00000000) refers (Special) to libinit2.o(.ARM.Collect$$libinit$$00000033) for __rt_lib_init_return
    libinit.o(.ARM.Collect$$libinit$$00000000) refers (Special) to libinit2.o(.ARM.Collect$$libinit$$0000001D) for __rt_lib_init_signal_1
    libinit.o(.ARM.Collect$$libinit$$00000000) refers (Special) to libinit2.o(.ARM.Collect$$libinit$$00000025) for __rt_lib_init_stdio_1
    libinit.o(.ARM.Collect$$libinit$$00000000) refers (Special) to libinit2.o(.ARM.Collect$$libinit$$0000000C) for __rt_lib_init_user_alloc_1
    libspace.o(.text) refers to libspace.o(.bss) for __libspace_start
    rtexit.o(.ARM.Collect$$rtexit$$00000000) refers (Special) to rtexit2.o(.ARM.Collect$$rtexit$$00000004) for __rt_exit_exit
    rtexit.o(.ARM.Collect$$rtexit$$00000000) refers (Special) to rtexit2.o(.ARM.Collect$$rtexit$$00000003) for __rt_exit_ls
    rtexit.o(.ARM.Collect$$rtexit$$00000000) refers (Special) to rtexit2.o(.ARM.Collect$$rtexit$$00000002) for __rt_exit_prels_1
    rtexit.o(.ARM.exidx) refers (Special) to rtexit2.o(.ARM.Collect$$rtexit$$00000004) for __rt_exit_exit
    rtexit.o(.ARM.exidx) refers (Special) to rtexit2.o(.ARM.Collect$$rtexit$$00000003) for __rt_exit_ls
    rtexit.o(.ARM.exidx) refers (Special) to rtexit2.o(.ARM.Collect$$rtexit$$00000002) for __rt_exit_prels_1
    rtexit.o(.ARM.exidx) refers to rtexit.o(.ARM.Collect$$rtexit$$00000000) for .ARM.Collect$$rtexit$$00000000
    libinit2.o(.ARM.Collect$$libinit$$00000010) refers to libinit2.o(.ARM.Collect$$libinit$$0000000F) for .ARM.Collect$$libinit$$0000000F
    libinit2.o(.ARM.Collect$$libinit$$00000012) refers to libinit2.o(.ARM.Collect$$libinit$$0000000F) for .ARM.Collect$$libinit$$0000000F
    libinit2.o(.ARM.Collect$$libinit$$00000014) refers to libinit2.o(.ARM.Collect$$libinit$$0000000F) for .ARM.Collect$$libinit$$0000000F
    libinit2.o(.ARM.Collect$$libinit$$00000016) refers to libinit2.o(.ARM.Collect$$libinit$$0000000F) for .ARM.Collect$$libinit$$0000000F
    libinit2.o(.ARM.Collect$$libinit$$00000018) refers to libinit2.o(.ARM.Collect$$libinit$$0000000F) for .ARM.Collect$$libinit$$0000000F
    libinit2.o(.ARM.Collect$$libinit$$00000026) refers to argv_veneer.o(.emb_text) for __ARM_argv_veneer
    libinit2.o(.ARM.Collect$$libinit$$00000027) refers to argv_veneer.o(.emb_text) for __ARM_argv_veneer
    rtexit2.o(.ARM.Collect$$rtexit$$00000003) refers to libshutdown.o(.ARM.Collect$$libshutdown$$00000000) for __rt_lib_shutdown
    rtexit2.o(.ARM.Collect$$rtexit$$00000004) refers to sys_exit.o(.text) for _sys_exit
    rtexit2.o(.ARM.exidx) refers to rtexit2.o(.ARM.Collect$$rtexit$$00000001) for .ARM.Collect$$rtexit$$00000001
    rtexit2.o(.ARM.exidx) refers to rtexit2.o(.ARM.Collect$$rtexit$$00000003) for .ARM.Collect$$rtexit$$00000003
    rtexit2.o(.ARM.exidx) refers to rtexit2.o(.ARM.Collect$$rtexit$$00000004) for .ARM.Collect$$rtexit$$00000004
    argv_veneer.o(.emb_text) refers to no_argv.o(.text) for __ARM_get_argv
    sys_exit.o(.text) refers (Special) to use_no_semi.o(.text) for __I$use$semihosting
    sys_exit.o(.text) refers (Special) to indicate_semi.o(.text) for __semihosting_library_function
    _get_argv_nomalloc.o(.text) refers (Special) to hrguard.o(.text) for __heap_region$guard
    _get_argv_nomalloc.o(.text) refers to defsig_rtmem_outer.o(.text) for __rt_SIGRTMEM
    _get_argv_nomalloc.o(.text) refers to sys_command.o(.text) for _sys_command_string
    libshutdown.o(.ARM.Collect$$libshutdown$$00000000) refers (Special) to libshutdown2.o(.ARM.Collect$$libshutdown$$00000006) for __rt_lib_shutdown_fp_trap_1
    libshutdown.o(.ARM.Collect$$libshutdown$$00000000) refers (Special) to libshutdown2.o(.ARM.Collect$$libshutdown$$0000000E) for __rt_lib_shutdown_heap_1
    libshutdown.o(.ARM.Collect$$libshutdown$$00000000) refers (Special) to libshutdown2.o(.ARM.Collect$$libshutdown$$0000000F) for __rt_lib_shutdown_return
    libshutdown.o(.ARM.Collect$$libshutdown$$00000000) refers (Special) to libshutdown2.o(.ARM.Collect$$libshutdown$$00000009) for __rt_lib_shutdown_signal_1
    libshutdown.o(.ARM.Collect$$libshutdown$$00000000) refers (Special) to libshutdown2.o(.ARM.Collect$$libshutdown$$00000003) for __rt_lib_shutdown_stdio_1
    libshutdown.o(.ARM.Collect$$libshutdown$$00000000) refers (Special) to libshutdown2.o(.ARM.Collect$$libshutdown$$0000000B) for __rt_lib_shutdown_user_alloc_1
    sys_command.o(.text) refers (Special) to use_no_semi.o(.text) for __I$use$semihosting
    sys_command.o(.text) refers (Special) to indicate_semi.o(.text) for __semihosting_library_function
    defsig_rtmem_outer.o(.text) refers to defsig_rtmem_inner.o(.text) for __rt_SIGRTMEM_inner
    defsig_rtmem_outer.o(.text) refers to defsig_exit.o(.text) for __sig_exit
    defsig_rtmem_formal.o(.text) refers to rt_raise.o(.text) for __rt_raise
    rt_raise.o(.text) refers to __raise.o(.text) for __raise
    rt_raise.o(.text) refers to sys_exit.o(.text) for _sys_exit
    defsig_exit.o(.text) refers to sys_exit.o(.text) for _sys_exit
    defsig_rtmem_inner.o(.text) refers to defsig_general.o(.text) for __default_signal_display
    __raise.o(.text) refers to defsig.o(CL$$defsig) for __default_signal_handler
    defsig_general.o(.text) refers to sys_wrch.o(.text) for _ttywrch
    sys_wrch.o(.text) refers (Special) to use_no_semi.o(.text) for __I$use$semihosting
    sys_wrch.o(.text) refers (Special) to indicate_semi.o(.text) for __semihosting_library_function
    defsig.o(CL$$defsig) refers to defsig_rtmem_inner.o(.text) for __rt_SIGRTMEM_inner
    defsig_abrt_inner.o(.text) refers to defsig_general.o(.text) for __default_signal_display
    defsig_fpe_inner.o(.text) refers to defsig_general.o(.text) for __default_signal_display
    defsig_rtred_inner.o(.text) refers to defsig_general.o(.text) for __default_signal_display
    defsig_stak_inner.o(.text) refers to defsig_general.o(.text) for __default_signal_display
    defsig_pvfn_inner.o(.text) refers to defsig_general.o(.text) for __default_signal_display
    defsig_cppl_inner.o(.text) refers to defsig_general.o(.text) for __default_signal_display
    defsig_segv_inner.o(.text) refers to defsig_general.o(.text) for __default_signal_display
    defsig_other.o(.text) refers to defsig_general.o(.text) for __default_signal_display


==============================================================================

Removing Unused input sections from the image.

    Removing usart.o(.bss), (200 bytes).
    Removing usart.o(.data), (4 bytes).
    Removing key.o(.text), (172 bytes).
    Removing stm32f10x_exti.o(.text), (284 bytes).
    Removing core_cm3.o(.emb_text), (32 bytes).

5 unused section(s) (total 692 bytes) removed from the image.

==============================================================================

Image Symbol Table

    Local Symbols

    Symbol Name                              Value     Ov Type        Size  Object(Section)

    ../clib/angel/boardlib.s                 0x00000000   Number         0  boardinit3.o ABSOLUTE
    ../clib/angel/boardlib.s                 0x00000000   Number         0  boardinit2.o ABSOLUTE
    ../clib/angel/boardlib.s                 0x00000000   Number         0  boardshut.o ABSOLUTE
    ../clib/angel/boardlib.s                 0x00000000   Number         0  boardinit1.o ABSOLUTE
    ../clib/angel/handlers.s                 0x00000000   Number         0  __scatter_zi.o ABSOLUTE
    ../clib/angel/handlers.s                 0x00000000   Number         0  __scatter_copy.o ABSOLUTE
    ../clib/angel/kernel.s                   0x00000000   Number         0  __rtentry4.o ABSOLUTE
    ../clib/angel/kernel.s                   0x00000000   Number         0  rtexit2.o ABSOLUTE
    ../clib/angel/kernel.s                   0x00000000   Number         0  __rtentry2.o ABSOLUTE
    ../clib/angel/kernel.s                   0x00000000   Number         0  rtexit.o ABSOLUTE
    ../clib/angel/kernel.s                   0x00000000   Number         0  __rtentry.o ABSOLUTE
    ../clib/angel/rt.s                       0x00000000   Number         0  rt_raise.o ABSOLUTE
    ../clib/angel/scatter.s                  0x00000000   Number         0  __scatter.o ABSOLUTE
    ../clib/angel/startup.s                  0x00000000   Number         0  __main.o ABSOLUTE
    ../clib/angel/sys.s                      0x00000000   Number         0  use_no_semi.o ABSOLUTE
    ../clib/angel/sys.s                      0x00000000   Number         0  indicate_semi.o ABSOLUTE
    ../clib/angel/sys.s                      0x00000000   Number         0  libspace.o ABSOLUTE
    ../clib/angel/sys.s                      0x00000000   Number         0  sys_stackheap_outer.o ABSOLUTE
    ../clib/angel/sysapp.c                   0x00000000   Number         0  sys_exit.o ABSOLUTE
    ../clib/angel/sysapp.c                   0x00000000   Number         0  sys_wrch.o ABSOLUTE
    ../clib/angel/sysapp.c                   0x00000000   Number         0  sys_command.o ABSOLUTE
    ../clib/armsys.c                         0x00000000   Number         0  argv_veneer.o ABSOLUTE
    ../clib/armsys.c                         0x00000000   Number         0  _get_argv_nomalloc.o ABSOLUTE
    ../clib/armsys.c                         0x00000000   Number         0  no_argv.o ABSOLUTE
    ../clib/armsys.c                         0x00000000   Number         0  argv_veneer.o ABSOLUTE
    ../clib/heapalloc.c                      0x00000000   Number         0  hrguard.o ABSOLUTE
    ../clib/heapaux.c                        0x00000000   Number         0  heapauxi.o ABSOLUTE
    ../clib/libinit.s                        0x00000000   Number         0  libinit.o ABSOLUTE
    ../clib/libinit.s                        0x00000000   Number         0  libinit2.o ABSOLUTE
    ../clib/libinit.s                        0x00000000   Number         0  libshutdown.o ABSOLUTE
    ../clib/libinit.s                        0x00000000   Number         0  libshutdown2.o ABSOLUTE
    ../clib/signal.c                         0x00000000   Number         0  defsig_exit.o ABSOLUTE
    ../clib/signal.c                         0x00000000   Number         0  defsig_abrt_inner.o ABSOLUTE
    ../clib/signal.c                         0x00000000   Number         0  defsig_rtmem_formal.o ABSOLUTE
    ../clib/signal.c                         0x00000000   Number         0  defsig_fpe_inner.o ABSOLUTE
    ../clib/signal.c                         0x00000000   Number         0  defsig_pvfn_inner.o ABSOLUTE
    ../clib/signal.c                         0x00000000   Number         0  defsig_rtred_inner.o ABSOLUTE
    ../clib/signal.c                         0x00000000   Number         0  defsig_rtmem_outer.o ABSOLUTE
    ../clib/signal.c                         0x00000000   Number         0  defsig_other.o ABSOLUTE
    ../clib/signal.c                         0x00000000   Number         0  defsig_stak_inner.o ABSOLUTE
    ../clib/signal.c                         0x00000000   Number         0  defsig_segv_inner.o ABSOLUTE
    ../clib/signal.c                         0x00000000   Number         0  defsig_cppl_inner.o ABSOLUTE
    ../clib/signal.c                         0x00000000   Number         0  defsig_general.o ABSOLUTE
    ../clib/signal.c                         0x00000000   Number         0  defsig_rtmem_inner.o ABSOLUTE
    ../clib/signal.c                         0x00000000   Number         0  __raise.o ABSOLUTE
    ../clib/signal.s                         0x00000000   Number         0  defsig.o ABSOLUTE
    ../clib/stdlib.c                         0x00000000   Number         0  exit.o ABSOLUTE
    ../fplib/fcmpi.s                         0x00000000   Number         0  fcmpi.o ABSOLUTE
    ../fplib/feqf.s                          0x00000000   Number         0  feqf.o ABSOLUTE
    ../fplib/ffixu.s                         0x00000000   Number         0  ffixu.o ABSOLUTE
    ../fplib/fnaninf.s                       0x00000000   Number         0  fnaninf.o ABSOLUTE
    ../fplib/fpinit.s                        0x00000000   Number         0  fpinit.o ABSOLUTE
    ../fplib/usenofp.s                       0x00000000   Number         0  usenofp.o ABSOLUTE
    ..\BSP\Key\key.c                         0x00000000   Number         0  key.o ABSOLUTE
    ..\BSP\LED\Led.c                         0x00000000   Number         0  led.o ABSOLUTE
    ..\BSP\SysTick\SysTick.c                 0x00000000   Number         0  systick.o ABSOLUTE
    ..\BSP\TIMER\timer.c                     0x00000000   Number         0  timer.o ABSOLUTE
    ..\BSP\USART\usart.c                     0x00000000   Number         0  usart.o ABSOLUTE
    ..\CMSIS\core_cm3.c                      0x00000000   Number         0  core_cm3.o ABSOLUTE
    ..\CMSIS\startup\arm\startup_stm32f10x_md.s 0x00000000   Number         0  startup_stm32f10x_md.o ABSOLUTE
    ..\CMSIS\system_stm32f10x.c              0x00000000   Number         0  system_stm32f10x.o ABSOLUTE
    ..\LIB\src\misc.c                        0x00000000   Number         0  misc.o ABSOLUTE
    ..\LIB\src\stm32f10x_exti.c              0x00000000   Number         0  stm32f10x_exti.o ABSOLUTE
    ..\LIB\src\stm32f10x_gpio.c              0x00000000   Number         0  stm32f10x_gpio.o ABSOLUTE
    ..\LIB\src\stm32f10x_rcc.c               0x00000000   Number         0  stm32f10x_rcc.o ABSOLUTE
    ..\LIB\src\stm32f10x_tim.c               0x00000000   Number         0  stm32f10x_tim.o ABSOLUTE
    ..\LIB\src\stm32f10x_usart.c             0x00000000   Number         0  stm32f10x_usart.o ABSOLUTE
    ..\\CMSIS\\core_cm3.c                    0x00000000   Number         0  core_cm3.o ABSOLUTE
    dc.s                                     0x00000000   Number         0  dc.o ABSOLUTE
    main.c                                   0x00000000   Number         0  main.o ABSOLUTE
    stm32f10x_it.c                           0x00000000   Number         0  stm32f10x_it.o ABSOLUTE
    RESET                                    0x08000000   Section      236  startup_stm32f10x_md.o(RESET)
    !!!main                                  0x080000ec   Section        8  __main.o(!!!main)
    !!!scatter                               0x080000f4   Section       52  __scatter.o(!!!scatter)
    !!handler_copy                           0x08000128   Section       26  __scatter_copy.o(!!handler_copy)
    !!handler_zi                             0x08000144   Section       28  __scatter_zi.o(!!handler_zi)
    .ARM.Collect$$libinit$$00000000          0x08000160   Section        2  libinit.o(.ARM.Collect$$libinit$$00000000)
    .ARM.Collect$$libinit$$00000002          0x08000162   Section        0  libinit2.o(.ARM.Collect$$libinit$$00000002)
    .ARM.Collect$$libinit$$00000004          0x08000162   Section        0  libinit2.o(.ARM.Collect$$libinit$$00000004)
    .ARM.Collect$$libinit$$0000000A          0x08000162   Section        0  libinit2.o(.ARM.Collect$$libinit$$0000000A)
    .ARM.Collect$$libinit$$0000000C          0x08000162   Section        0  libinit2.o(.ARM.Collect$$libinit$$0000000C)
    .ARM.Collect$$libinit$$0000000E          0x08000162   Section        0  libinit2.o(.ARM.Collect$$libinit$$0000000E)
    .ARM.Collect$$libinit$$00000011          0x08000162   Section        0  libinit2.o(.ARM.Collect$$libinit$$00000011)
    .ARM.Collect$$libinit$$00000013          0x08000162   Section        0  libinit2.o(.ARM.Collect$$libinit$$00000013)
    .ARM.Collect$$libinit$$00000015          0x08000162   Section        0  libinit2.o(.ARM.Collect$$libinit$$00000015)
    .ARM.Collect$$libinit$$00000017          0x08000162   Section        0  libinit2.o(.ARM.Collect$$libinit$$00000017)
    .ARM.Collect$$libinit$$00000019          0x08000162   Section        0  libinit2.o(.ARM.Collect$$libinit$$00000019)
    .ARM.Collect$$libinit$$0000001B          0x08000162   Section        0  libinit2.o(.ARM.Collect$$libinit$$0000001B)
    .ARM.Collect$$libinit$$0000001D          0x08000162   Section        0  libinit2.o(.ARM.Collect$$libinit$$0000001D)
    .ARM.Collect$$libinit$$0000001F          0x08000162   Section        0  libinit2.o(.ARM.Collect$$libinit$$0000001F)
    .ARM.Collect$$libinit$$00000021          0x08000162   Section        0  libinit2.o(.ARM.Collect$$libinit$$00000021)
    .ARM.Collect$$libinit$$00000023          0x08000162   Section        0  libinit2.o(.ARM.Collect$$libinit$$00000023)
    .ARM.Collect$$libinit$$00000025          0x08000162   Section        0  libinit2.o(.ARM.Collect$$libinit$$00000025)
    .ARM.Collect$$libinit$$0000002C          0x08000162   Section        0  libinit2.o(.ARM.Collect$$libinit$$0000002C)
    .ARM.Collect$$libinit$$0000002E          0x08000162   Section        0  libinit2.o(.ARM.Collect$$libinit$$0000002E)
    .ARM.Collect$$libinit$$00000030          0x08000162   Section        0  libinit2.o(.ARM.Collect$$libinit$$00000030)
    .ARM.Collect$$libinit$$00000032          0x08000162   Section        0  libinit2.o(.ARM.Collect$$libinit$$00000032)
    .ARM.Collect$$libinit$$00000033          0x08000162   Section        2  libinit2.o(.ARM.Collect$$libinit$$00000033)
    .ARM.Collect$$libshutdown$$00000000      0x08000164   Section        2  libshutdown.o(.ARM.Collect$$libshutdown$$00000000)
    .ARM.Collect$$libshutdown$$00000003      0x08000166   Section        0  libshutdown2.o(.ARM.Collect$$libshutdown$$00000003)
    .ARM.Collect$$libshutdown$$00000006      0x08000166   Section        0  libshutdown2.o(.ARM.Collect$$libshutdown$$00000006)
    .ARM.Collect$$libshutdown$$00000009      0x08000166   Section        0  libshutdown2.o(.ARM.Collect$$libshutdown$$00000009)
    .ARM.Collect$$libshutdown$$0000000B      0x08000166   Section        0  libshutdown2.o(.ARM.Collect$$libshutdown$$0000000B)
    .ARM.Collect$$libshutdown$$0000000E      0x08000166   Section        0  libshutdown2.o(.ARM.Collect$$libshutdown$$0000000E)
    .ARM.Collect$$libshutdown$$0000000F      0x08000166   Section        2  libshutdown2.o(.ARM.Collect$$libshutdown$$0000000F)
    .ARM.Collect$$rtentry$$00000000          0x08000168   Section        0  __rtentry.o(.ARM.Collect$$rtentry$$00000000)
    .ARM.Collect$$rtentry$$00000002          0x08000168   Section        0  __rtentry2.o(.ARM.Collect$$rtentry$$00000002)
    .ARM.Collect$$rtentry$$00000004          0x08000168   Section        6  __rtentry4.o(.ARM.Collect$$rtentry$$00000004)
    .ARM.Collect$$rtentry$$00000009          0x0800016e   Section        0  __rtentry2.o(.ARM.Collect$$rtentry$$00000009)
    .ARM.Collect$$rtentry$$0000000A          0x0800016e   Section        4  __rtentry2.o(.ARM.Collect$$rtentry$$0000000A)
    .ARM.Collect$$rtentry$$0000000C          0x08000172   Section        0  __rtentry2.o(.ARM.Collect$$rtentry$$0000000C)
    .ARM.Collect$$rtentry$$0000000D          0x08000172   Section        8  __rtentry2.o(.ARM.Collect$$rtentry$$0000000D)
    .ARM.Collect$$rtexit$$00000000           0x0800017a   Section        2  rtexit.o(.ARM.Collect$$rtexit$$00000000)
    .ARM.Collect$$rtexit$$00000002           0x0800017c   Section        0  rtexit2.o(.ARM.Collect$$rtexit$$00000002)
    .ARM.Collect$$rtexit$$00000003           0x0800017c   Section        4  rtexit2.o(.ARM.Collect$$rtexit$$00000003)
    .ARM.Collect$$rtexit$$00000004           0x08000180   Section        6  rtexit2.o(.ARM.Collect$$rtexit$$00000004)
    .text                                    0x08000188   Section        0  main.o(.text)
    .text                                    0x08000324   Section        0  stm32f10x_it.o(.text)
    .text                                    0x08000344   Section        0  usart.o(.text)
    .text                                    0x08000520   Section        0  led.o(.text)
    .text                                    0x080005d0   Section        0  systick.o(.text)
    .text                                    0x080006a4   Section        0  timer.o(.text)
    .text                                    0x08000700   Section        0  misc.o(.text)
    .text                                    0x080007dc   Section        0  stm32f10x_gpio.o(.text)
    .text                                    0x08000b38   Section        0  stm32f10x_rcc.o(.text)
    .text                                    0x08000edc   Section        0  stm32f10x_tim.o(.text)
    TI4_Config                               0x08001383   Thumb Code   130  stm32f10x_tim.o(.text)
    TI3_Config                               0x08001417   Thumb Code   122  stm32f10x_tim.o(.text)
    TI2_Config                               0x080014ab   Thumb Code   130  stm32f10x_tim.o(.text)
    TI1_Config                               0x0800153f   Thumb Code   108  stm32f10x_tim.o(.text)
    .text                                    0x08001cf8   Section        0  stm32f10x_usart.o(.text)
    .text                                    0x08002100   Section        0  system_stm32f10x.o(.text)
    SetSysClockTo72                          0x08002101   Thumb Code   214  system_stm32f10x.o(.text)
    SetSysClock                              0x080021d7   Thumb Code     8  system_stm32f10x.o(.text)
    .text                                    0x080022e0   Section       64  startup_stm32f10x_md.o(.text)
    .text                                    0x08002320   Section        0  heapauxi.o(.text)
    .text                                    0x08002326   Section       74  sys_stackheap_outer.o(.text)
    .text                                    0x08002370   Section        0  exit.o(.text)
    .text                                    0x0800237c   Section        8  libspace.o(.text)
    .text                                    0x08002384   Section        0  sys_exit.o(.text)
    .text                                    0x08002390   Section        2  use_no_semi.o(.text)
    .text                                    0x08002392   Section        0  indicate_semi.o(.text)
    x$fpl$fcmpinf                            0x08002392   Section       24  fcmpi.o(x$fpl$fcmpinf)
    x$fpl$feqf                               0x080023ac   Section      104  feqf.o(x$fpl$feqf)
    x$fpl$ffixu                              0x08002414   Section       62  ffixu.o(x$fpl$ffixu)
    x$fpl$fnaninf                            0x08002452   Section      140  fnaninf.o(x$fpl$fnaninf)
    x$fpl$usenofp                            0x080024de   Section        0  usenofp.o(x$fpl$usenofp)
    .conststring                             0x080024e0   Section       43  main.o(.conststring)
    .data                                    0x20000000   Section       31  main.o(.data)
    flag                                     0x2000001e   Data           1  main.o(.data)
    .data                                    0x20000020   Section        4  systick.o(.data)
    SysTickDelayTime                         0x20000020   Data           4  systick.o(.data)
    .data                                    0x20000024   Section       20  stm32f10x_rcc.o(.data)
    APBAHBPrescTable                         0x20000024   Data          16  stm32f10x_rcc.o(.data)
    ADCPrescTable                            0x20000034   Data           4  stm32f10x_rcc.o(.data)
    .data                                    0x20000038   Section       20  system_stm32f10x.o(.data)
    .bss                                     0x2000004c   Section      200  main.o(.bss)
    .bss                                     0x20000114   Section       96  libspace.o(.bss)
    HEAP                                     0x20000178   Section      512  startup_stm32f10x_md.o(HEAP)
    Heap_Mem                                 0x20000178   Data         512  startup_stm32f10x_md.o(HEAP)
    STACK                                    0x20000378   Section     1024  startup_stm32f10x_md.o(STACK)
    Stack_Mem                                0x20000378   Data        1024  startup_stm32f10x_md.o(STACK)
    __initial_sp                             0x20000778   Data           0  startup_stm32f10x_md.o(STACK)

    Global Symbols

    Symbol Name                              Value     Ov Type        Size  Object(Section)

    BuildAttributes$$THM_ISAv4$P$D$K$B$S$PE$A:L22UL41UL21$X:L11$S22US41US21$IEEE1$IW$USESV6$~STKCKD$USESV7$~SHL$OSPACE$ROPI$EBA8$UX$STANDARDLIB$REQ8$PRES8$EABIv2 0x00000000   Number         0  anon$$obj.o ABSOLUTE
    __ARM_use_no_argv                        0x00000000   Number         0  main.o ABSOLUTE
    __ARM_exceptions_init                     - Undefined Weak Reference
    __alloca_initialize                       - Undefined Weak Reference
    __arm_preinit_                            - Undefined Weak Reference
    __cpp_initialize__aeabi_                  - Undefined Weak Reference
    __cxa_finalize                            - Undefined Weak Reference
    __rt_locale                               - Undefined Weak Reference
    __sigvec_lookup                           - Undefined Weak Reference
    _atexit_init                              - Undefined Weak Reference
    _call_atexit_fns                          - Undefined Weak Reference
    _clock_init                               - Undefined Weak Reference
    _fp_trap_init                             - Undefined Weak Reference
    _fp_trap_shutdown                         - Undefined Weak Reference
    _get_lc_collate                           - Undefined Weak Reference
    _get_lc_ctype                             - Undefined Weak Reference
    _get_lc_monetary                          - Undefined Weak Reference
    _get_lc_numeric                           - Undefined Weak Reference
    _get_lc_time                              - Undefined Weak Reference
    _getenv_init                              - Undefined Weak Reference
    _handle_redirection                       - Undefined Weak Reference
    _init_alloc                               - Undefined Weak Reference
    _init_user_alloc                          - Undefined Weak Reference
    _initio                                   - Undefined Weak Reference
    _rand_init                                - Undefined Weak Reference
    _signal_finish                            - Undefined Weak Reference
    _signal_init                              - Undefined Weak Reference
    _terminate_alloc                          - Undefined Weak Reference
    _terminate_user_alloc                     - Undefined Weak Reference
    _terminateio                              - Undefined Weak Reference
    __Vectors_Size                           0x000000ec   Number         0  startup_stm32f10x_md.o ABSOLUTE
    __Vectors                                0x08000000   Data           4  startup_stm32f10x_md.o(RESET)
    __Vectors_End                            0x080000ec   Data           0  startup_stm32f10x_md.o(RESET)
    __main                                   0x080000ed   Thumb Code     8  __main.o(!!!main)
    __scatterload                            0x080000f5   Thumb Code     0  __scatter.o(!!!scatter)
    __scatterload_rt2                        0x080000f5   Thumb Code    44  __scatter.o(!!!scatter)
    __scatterload_rt2_thumb_only             0x080000f5   Thumb Code     0  __scatter.o(!!!scatter)
    __scatterload_null                       0x08000103   Thumb Code     0  __scatter.o(!!!scatter)
    __scatterload_copy                       0x08000129   Thumb Code    26  __scatter_copy.o(!!handler_copy)
    __scatterload_zeroinit                   0x08000145   Thumb Code    28  __scatter_zi.o(!!handler_zi)
    __rt_lib_init                            0x08000161   Thumb Code     0  libinit.o(.ARM.Collect$$libinit$$00000000)
    __rt_lib_init_alloca_1                   0x08000163   Thumb Code     0  libinit2.o(.ARM.Collect$$libinit$$0000002E)
    __rt_lib_init_argv_1                     0x08000163   Thumb Code     0  libinit2.o(.ARM.Collect$$libinit$$0000002C)
    __rt_lib_init_atexit_1                   0x08000163   Thumb Code     0  libinit2.o(.ARM.Collect$$libinit$$0000001B)
    __rt_lib_init_clock_1                    0x08000163   Thumb Code     0  libinit2.o(.ARM.Collect$$libinit$$00000021)
    __rt_lib_init_cpp_1                      0x08000163   Thumb Code     0  libinit2.o(.ARM.Collect$$libinit$$00000032)
    __rt_lib_init_exceptions_1               0x08000163   Thumb Code     0  libinit2.o(.ARM.Collect$$libinit$$00000030)
    __rt_lib_init_fp_1                       0x08000163   Thumb Code     0  libinit2.o(.ARM.Collect$$libinit$$00000002)
    __rt_lib_init_fp_trap_1                  0x08000163   Thumb Code     0  libinit2.o(.ARM.Collect$$libinit$$0000001F)
    __rt_lib_init_getenv_1                   0x08000163   Thumb Code     0  libinit2.o(.ARM.Collect$$libinit$$00000023)
    __rt_lib_init_heap_1                     0x08000163   Thumb Code     0  libinit2.o(.ARM.Collect$$libinit$$0000000A)
    __rt_lib_init_lc_collate_1               0x08000163   Thumb Code     0  libinit2.o(.ARM.Collect$$libinit$$00000011)
    __rt_lib_init_lc_ctype_1                 0x08000163   Thumb Code     0  libinit2.o(.ARM.Collect$$libinit$$00000013)
    __rt_lib_init_lc_monetary_1              0x08000163   Thumb Code     0  libinit2.o(.ARM.Collect$$libinit$$00000015)
    __rt_lib_init_lc_numeric_1               0x08000163   Thumb Code     0  libinit2.o(.ARM.Collect$$libinit$$00000017)
    __rt_lib_init_lc_time_1                  0x08000163   Thumb Code     0  libinit2.o(.ARM.Collect$$libinit$$00000019)
    __rt_lib_init_preinit_1                  0x08000163   Thumb Code     0  libinit2.o(.ARM.Collect$$libinit$$00000004)
    __rt_lib_init_rand_1                     0x08000163   Thumb Code     0  libinit2.o(.ARM.Collect$$libinit$$0000000E)
    __rt_lib_init_return                     0x08000163   Thumb Code     0  libinit2.o(.ARM.Collect$$libinit$$00000033)
    __rt_lib_init_signal_1                   0x08000163   Thumb Code     0  libinit2.o(.ARM.Collect$$libinit$$0000001D)
    __rt_lib_init_stdio_1                    0x08000163   Thumb Code     0  libinit2.o(.ARM.Collect$$libinit$$00000025)
    __rt_lib_init_user_alloc_1               0x08000163   Thumb Code     0  libinit2.o(.ARM.Collect$$libinit$$0000000C)
    __rt_lib_shutdown                        0x08000165   Thumb Code     0  libshutdown.o(.ARM.Collect$$libshutdown$$00000000)
    __rt_lib_shutdown_fp_trap_1              0x08000167   Thumb Code     0  libshutdown2.o(.ARM.Collect$$libshutdown$$00000006)
    __rt_lib_shutdown_heap_1                 0x08000167   Thumb Code     0  libshutdown2.o(.ARM.Collect$$libshutdown$$0000000E)
    __rt_lib_shutdown_return                 0x08000167   Thumb Code     0  libshutdown2.o(.ARM.Collect$$libshutdown$$0000000F)
    __rt_lib_shutdown_signal_1               0x08000167   Thumb Code     0  libshutdown2.o(.ARM.Collect$$libshutdown$$00000009)
    __rt_lib_shutdown_stdio_1                0x08000167   Thumb Code     0  libshutdown2.o(.ARM.Collect$$libshutdown$$00000003)
    __rt_lib_shutdown_user_alloc_1           0x08000167   Thumb Code     0  libshutdown2.o(.ARM.Collect$$libshutdown$$0000000B)
    __rt_entry                               0x08000169   Thumb Code     0  __rtentry.o(.ARM.Collect$$rtentry$$00000000)
    __rt_entry_presh_1                       0x08000169   Thumb Code     0  __rtentry2.o(.ARM.Collect$$rtentry$$00000002)
    __rt_entry_sh                            0x08000169   Thumb Code     0  __rtentry4.o(.ARM.Collect$$rtentry$$00000004)
    __rt_entry_li                            0x0800016f   Thumb Code     0  __rtentry2.o(.ARM.Collect$$rtentry$$0000000A)
    __rt_entry_postsh_1                      0x0800016f   Thumb Code     0  __rtentry2.o(.ARM.Collect$$rtentry$$00000009)
    __rt_entry_main                          0x08000173   Thumb Code     0  __rtentry2.o(.ARM.Collect$$rtentry$$0000000D)
    __rt_entry_postli_1                      0x08000173   Thumb Code     0  __rtentry2.o(.ARM.Collect$$rtentry$$0000000C)
    __rt_exit                                0x0800017b   Thumb Code     0  rtexit.o(.ARM.Collect$$rtexit$$00000000)
    __rt_exit_ls                             0x0800017d   Thumb Code     0  rtexit2.o(.ARM.Collect$$rtexit$$00000003)
    __rt_exit_prels_1                        0x0800017d   Thumb Code     0  rtexit2.o(.ARM.Collect$$rtexit$$00000002)
    __rt_exit_exit                           0x08000181   Thumb Code     0  rtexit2.o(.ARM.Collect$$rtexit$$00000004)
    UART2_Send                               0x08000189   Thumb Code    48  main.o(.text)
    CLR_Buf2                                 0x080001b9   Thumb Code    26  main.o(.text)
    main                                     0x080001d3   Thumb Code   102  main.o(.text)
    USART2_IRQHandler                        0x08000239   Thumb Code    44  main.o(.text)
    TIM2_IRQHandler                          0x08000265   Thumb Code   118  main.o(.text)
    NMI_Handler                              0x08000325   Thumb Code     2  stm32f10x_it.o(.text)
    HardFault_Handler                        0x08000327   Thumb Code     4  stm32f10x_it.o(.text)
    MemManage_Handler                        0x0800032b   Thumb Code     4  stm32f10x_it.o(.text)
    BusFault_Handler                         0x0800032f   Thumb Code     4  stm32f10x_it.o(.text)
    UsageFault_Handler                       0x08000333   Thumb Code     4  stm32f10x_it.o(.text)
    SVC_Handler                              0x08000337   Thumb Code     2  stm32f10x_it.o(.text)
    DebugMon_Handler                         0x08000339   Thumb Code     2  stm32f10x_it.o(.text)
    PendSV_Handler                           0x0800033b   Thumb Code     2  stm32f10x_it.o(.text)
    SysTick_Handler                          0x0800033d   Thumb Code     8  stm32f10x_it.o(.text)
    USART1_Init_Config                       0x08000345   Thumb Code   166  usart.o(.text)
    UART1_SendString                         0x080003eb   Thumb Code    38  usart.o(.text)
    USART1_IRQHandler                        0x08000411   Thumb Code     2  usart.o(.text)
    USART2_Init_Config                       0x08000413   Thumb Code   170  usart.o(.text)
    UART2_SendString                         0x080004bd   Thumb Code    38  usart.o(.text)
    UART2_Sendsixteen                        0x080004e3   Thumb Code    48  usart.o(.text)
    LED_ALL_OFF                              0x08000521   Thumb Code    14  led.o(.text)
    GPIO_Config                              0x0800052f   Thumb Code    44  led.o(.text)
    LED1_ON                                  0x0800055b   Thumb Code    12  led.o(.text)
    LED1_OFF                                 0x08000567   Thumb Code    12  led.o(.text)
    LED2_ON                                  0x08000573   Thumb Code    12  led.o(.text)
    LED2_OFF                                 0x0800057f   Thumb Code    12  led.o(.text)
    LED3_ON                                  0x0800058b   Thumb Code    12  led.o(.text)
    LED3_OFF                                 0x08000597   Thumb Code    12  led.o(.text)
    LED4_ON                                  0x080005a3   Thumb Code    14  led.o(.text)
    LED4_OFF                                 0x080005b1   Thumb Code    14  led.o(.text)
    LED_ALL_ON                               0x080005bf   Thumb Code    14  led.o(.text)
    SysTick_Init_Config                      0x080005d1   Thumb Code   108  systick.o(.text)
    Delay_nMs                                0x0800063d   Thumb Code    32  systick.o(.text)
    Delay_nS                                 0x0800065d   Thumb Code    38  systick.o(.text)
    SysTickDelayTime_Counter                 0x08000683   Thumb Code    18  systick.o(.text)
    Timer2_Init_Config                       0x080006a5   Thumb Code    92  timer.o(.text)
    NVIC_PriorityGroupConfig                 0x08000701   Thumb Code    10  misc.o(.text)
    NVIC_Init                                0x0800070b   Thumb Code   100  misc.o(.text)
    NVIC_SetVectorTable                      0x0800076f   Thumb Code    14  misc.o(.text)
    NVIC_SystemLPConfig                      0x0800077d   Thumb Code    34  misc.o(.text)
    SysTick_CLKSourceConfig                  0x0800079f   Thumb Code    40  misc.o(.text)
    GPIO_DeInit                              0x080007dd   Thumb Code   172  stm32f10x_gpio.o(.text)
    GPIO_AFIODeInit                          0x08000889   Thumb Code    20  stm32f10x_gpio.o(.text)
    GPIO_Init                                0x0800089d   Thumb Code   278  stm32f10x_gpio.o(.text)
    GPIO_StructInit                          0x080009b3   Thumb Code    16  stm32f10x_gpio.o(.text)
    GPIO_ReadInputDataBit                    0x080009c3   Thumb Code    18  stm32f10x_gpio.o(.text)
    GPIO_ReadInputData                       0x080009d5   Thumb Code     8  stm32f10x_gpio.o(.text)
    GPIO_ReadOutputDataBit                   0x080009dd   Thumb Code    18  stm32f10x_gpio.o(.text)
    GPIO_ReadOutputData                      0x080009ef   Thumb Code     8  stm32f10x_gpio.o(.text)
    GPIO_SetBits                             0x080009f7   Thumb Code     4  stm32f10x_gpio.o(.text)
    GPIO_ResetBits                           0x080009fb   Thumb Code     4  stm32f10x_gpio.o(.text)
    GPIO_WriteBit                            0x080009ff   Thumb Code    10  stm32f10x_gpio.o(.text)
    GPIO_Write                               0x08000a09   Thumb Code     4  stm32f10x_gpio.o(.text)
    GPIO_PinLockConfig                       0x08000a0d   Thumb Code    18  stm32f10x_gpio.o(.text)
    GPIO_EventOutputConfig                   0x08000a1f   Thumb Code    26  stm32f10x_gpio.o(.text)
    GPIO_EventOutputCmd                      0x08000a39   Thumb Code     6  stm32f10x_gpio.o(.text)
    GPIO_PinRemapConfig                      0x08000a3f   Thumb Code   138  stm32f10x_gpio.o(.text)
    GPIO_EXTILineConfig                      0x08000ac9   Thumb Code    66  stm32f10x_gpio.o(.text)
    GPIO_ETH_MediaInterfaceConfig            0x08000b0b   Thumb Code     8  stm32f10x_gpio.o(.text)
    RCC_DeInit                               0x08000b39   Thumb Code    64  stm32f10x_rcc.o(.text)
    RCC_HSEConfig                            0x08000b79   Thumb Code    70  stm32f10x_rcc.o(.text)
    RCC_GetFlagStatus                        0x08000bbf   Thumb Code    56  stm32f10x_rcc.o(.text)
    RCC_WaitForHSEStartUp                    0x08000bf7   Thumb Code    56  stm32f10x_rcc.o(.text)
    RCC_AdjustHSICalibrationValue            0x08000c2f   Thumb Code    20  stm32f10x_rcc.o(.text)
    RCC_HSICmd                               0x08000c43   Thumb Code     6  stm32f10x_rcc.o(.text)
    RCC_PLLConfig                            0x08000c49   Thumb Code    24  stm32f10x_rcc.o(.text)
    RCC_PLLCmd                               0x08000c61   Thumb Code     6  stm32f10x_rcc.o(.text)
    RCC_SYSCLKConfig                         0x08000c67   Thumb Code    18  stm32f10x_rcc.o(.text)
    RCC_GetSYSCLKSource                      0x08000c79   Thumb Code    10  stm32f10x_rcc.o(.text)
    RCC_HCLKConfig                           0x08000c83   Thumb Code    18  stm32f10x_rcc.o(.text)
    RCC_PCLK1Config                          0x08000c95   Thumb Code    18  stm32f10x_rcc.o(.text)
    RCC_PCLK2Config                          0x08000ca7   Thumb Code    20  stm32f10x_rcc.o(.text)
    RCC_ITConfig                             0x08000cbb   Thumb Code    26  stm32f10x_rcc.o(.text)
    RCC_USBCLKConfig                         0x08000cd5   Thumb Code     8  stm32f10x_rcc.o(.text)
    RCC_ADCCLKConfig                         0x08000cdd   Thumb Code    18  stm32f10x_rcc.o(.text)
    RCC_LSEConfig                            0x08000cef   Thumb Code    50  stm32f10x_rcc.o(.text)
    RCC_LSICmd                               0x08000d21   Thumb Code     6  stm32f10x_rcc.o(.text)
    RCC_RTCCLKConfig                         0x08000d27   Thumb Code    12  stm32f10x_rcc.o(.text)
    RCC_RTCCLKCmd                            0x08000d33   Thumb Code     8  stm32f10x_rcc.o(.text)
    RCC_GetClocksFreq                        0x08000d3b   Thumb Code   192  stm32f10x_rcc.o(.text)
    RCC_AHBPeriphClockCmd                    0x08000dfb   Thumb Code    26  stm32f10x_rcc.o(.text)
    RCC_APB2PeriphClockCmd                   0x08000e15   Thumb Code    26  stm32f10x_rcc.o(.text)
    RCC_APB1PeriphClockCmd                   0x08000e2f   Thumb Code    26  stm32f10x_rcc.o(.text)
    RCC_APB2PeriphResetCmd                   0x08000e49   Thumb Code    26  stm32f10x_rcc.o(.text)
    RCC_APB1PeriphResetCmd                   0x08000e63   Thumb Code    26  stm32f10x_rcc.o(.text)
    RCC_BackupResetCmd                       0x08000e7d   Thumb Code     8  stm32f10x_rcc.o(.text)
    RCC_ClockSecuritySystemCmd               0x08000e85   Thumb Code     6  stm32f10x_rcc.o(.text)
    RCC_MCOConfig                            0x08000e8b   Thumb Code     6  stm32f10x_rcc.o(.text)
    RCC_ClearFlag                            0x08000e91   Thumb Code    14  stm32f10x_rcc.o(.text)
    RCC_GetITStatus                          0x08000e9f   Thumb Code    20  stm32f10x_rcc.o(.text)
    RCC_ClearITPendingBit                    0x08000eb3   Thumb Code     6  stm32f10x_rcc.o(.text)
    TIM_DeInit                               0x08000edd   Thumb Code   424  stm32f10x_tim.o(.text)
    TIM_TimeBaseInit                         0x08001085   Thumb Code   122  stm32f10x_tim.o(.text)
    TIM_OC1Init                              0x080010ff   Thumb Code   132  stm32f10x_tim.o(.text)
    TIM_OC2Init                              0x08001183   Thumb Code   154  stm32f10x_tim.o(.text)
    TIM_OC3Init                              0x0800121d   Thumb Code   150  stm32f10x_tim.o(.text)
    TIM_OC4Init                              0x080012b3   Thumb Code   182  stm32f10x_tim.o(.text)
    TIM_SetIC4Prescaler                      0x08001369   Thumb Code    26  stm32f10x_tim.o(.text)
    TIM_SetIC3Prescaler                      0x08001405   Thumb Code    18  stm32f10x_tim.o(.text)
    TIM_SetIC2Prescaler                      0x08001491   Thumb Code    26  stm32f10x_tim.o(.text)
    TIM_SetIC1Prescaler                      0x0800152d   Thumb Code    18  stm32f10x_tim.o(.text)
    TIM_ICInit                               0x080015ab   Thumb Code   150  stm32f10x_tim.o(.text)
    TIM_PWMIConfig                           0x08001641   Thumb Code   124  stm32f10x_tim.o(.text)
    TIM_BDTRConfig                           0x080016bd   Thumb Code    32  stm32f10x_tim.o(.text)
    TIM_TimeBaseStructInit                   0x080016dd   Thumb Code    18  stm32f10x_tim.o(.text)
    TIM_OCStructInit                         0x080016ef   Thumb Code    20  stm32f10x_tim.o(.text)
    TIM_ICStructInit                         0x08001703   Thumb Code    18  stm32f10x_tim.o(.text)
    TIM_BDTRStructInit                       0x08001715   Thumb Code    40  stm32f10x_tim.o(.text)
    TIM_Cmd                                  0x0800173d   Thumb Code    24  stm32f10x_tim.o(.text)
    TIM_CtrlPWMOutputs                       0x08001755   Thumb Code    30  stm32f10x_tim.o(.text)
    TIM_ITConfig                             0x08001773   Thumb Code    18  stm32f10x_tim.o(.text)
    TIM_GenerateEvent                        0x08001785   Thumb Code     4  stm32f10x_tim.o(.text)
    TIM_DMAConfig                            0x08001789   Thumb Code    10  stm32f10x_tim.o(.text)
    TIM_DMACmd                               0x08001793   Thumb Code    18  stm32f10x_tim.o(.text)
    TIM_InternalClockConfig                  0x080017a5   Thumb Code    12  stm32f10x_tim.o(.text)
    TIM_SelectInputTrigger                   0x080017b1   Thumb Code    18  stm32f10x_tim.o(.text)
    TIM_ITRxExternalClockConfig              0x080017c3   Thumb Code    24  stm32f10x_tim.o(.text)
    TIM_TIxExternalClockConfig               0x080017db   Thumb Code    62  stm32f10x_tim.o(.text)
    TIM_ETRConfig                            0x08001819   Thumb Code    28  stm32f10x_tim.o(.text)
    TIM_ETRClockMode1Config                  0x08001835   Thumb Code    54  stm32f10x_tim.o(.text)
    TIM_ETRClockMode2Config                  0x0800186b   Thumb Code    32  stm32f10x_tim.o(.text)
    TIM_PrescalerConfig                      0x0800188b   Thumb Code     6  stm32f10x_tim.o(.text)
    TIM_CounterModeConfig                    0x08001891   Thumb Code    18  stm32f10x_tim.o(.text)
    TIM_EncoderInterfaceConfig               0x080018a3   Thumb Code    66  stm32f10x_tim.o(.text)
    TIM_ForcedOC1Config                      0x080018e5   Thumb Code    18  stm32f10x_tim.o(.text)
    TIM_ForcedOC2Config                      0x080018f7   Thumb Code    26  stm32f10x_tim.o(.text)
    TIM_ForcedOC3Config                      0x08001911   Thumb Code    18  stm32f10x_tim.o(.text)
    TIM_ForcedOC4Config                      0x08001923   Thumb Code    26  stm32f10x_tim.o(.text)
    TIM_ARRPreloadConfig                     0x0800193d   Thumb Code    24  stm32f10x_tim.o(.text)
    TIM_SelectCOM                            0x08001955   Thumb Code    24  stm32f10x_tim.o(.text)
    TIM_SelectCCDMA                          0x0800196d   Thumb Code    24  stm32f10x_tim.o(.text)
    TIM_CCPreloadControl                     0x08001985   Thumb Code    24  stm32f10x_tim.o(.text)
    TIM_OC1PreloadConfig                     0x0800199d   Thumb Code    18  stm32f10x_tim.o(.text)
    TIM_OC2PreloadConfig                     0x080019af   Thumb Code    26  stm32f10x_tim.o(.text)
    TIM_OC3PreloadConfig                     0x080019c9   Thumb Code    18  stm32f10x_tim.o(.text)
    TIM_OC4PreloadConfig                     0x080019db   Thumb Code    26  stm32f10x_tim.o(.text)
    TIM_OC1FastConfig                        0x080019f5   Thumb Code    18  stm32f10x_tim.o(.text)
    TIM_OC2FastConfig                        0x08001a07   Thumb Code    26  stm32f10x_tim.o(.text)
    TIM_OC3FastConfig                        0x08001a21   Thumb Code    18  stm32f10x_tim.o(.text)
    TIM_OC4FastConfig                        0x08001a33   Thumb Code    26  stm32f10x_tim.o(.text)
    TIM_ClearOC1Ref                          0x08001a4d   Thumb Code    18  stm32f10x_tim.o(.text)
    TIM_ClearOC2Ref                          0x08001a5f   Thumb Code    24  stm32f10x_tim.o(.text)
    TIM_ClearOC3Ref                          0x08001a77   Thumb Code    18  stm32f10x_tim.o(.text)
    TIM_ClearOC4Ref                          0x08001a89   Thumb Code    24  stm32f10x_tim.o(.text)
    TIM_OC1PolarityConfig                    0x08001aa1   Thumb Code    18  stm32f10x_tim.o(.text)
    TIM_OC1NPolarityConfig                   0x08001ab3   Thumb Code    18  stm32f10x_tim.o(.text)
    TIM_OC2PolarityConfig                    0x08001ac5   Thumb Code    26  stm32f10x_tim.o(.text)
    TIM_OC2NPolarityConfig                   0x08001adf   Thumb Code    26  stm32f10x_tim.o(.text)
    TIM_OC3PolarityConfig                    0x08001af9   Thumb Code    26  stm32f10x_tim.o(.text)
    TIM_OC3NPolarityConfig                   0x08001b13   Thumb Code    26  stm32f10x_tim.o(.text)
    TIM_OC4PolarityConfig                    0x08001b2d   Thumb Code    26  stm32f10x_tim.o(.text)
    TIM_CCxCmd                               0x08001b47   Thumb Code    30  stm32f10x_tim.o(.text)
    TIM_CCxNCmd                              0x08001b65   Thumb Code    30  stm32f10x_tim.o(.text)
    TIM_SelectOCxM                           0x08001b83   Thumb Code    82  stm32f10x_tim.o(.text)
    TIM_UpdateDisableConfig                  0x08001bd5   Thumb Code    24  stm32f10x_tim.o(.text)
    TIM_UpdateRequestConfig                  0x08001bed   Thumb Code    24  stm32f10x_tim.o(.text)
    TIM_SelectHallSensor                     0x08001c05   Thumb Code    24  stm32f10x_tim.o(.text)
    TIM_SelectOnePulseMode                   0x08001c1d   Thumb Code    18  stm32f10x_tim.o(.text)
    TIM_SelectOutputTrigger                  0x08001c2f   Thumb Code    18  stm32f10x_tim.o(.text)
    TIM_SelectSlaveMode                      0x08001c41   Thumb Code    18  stm32f10x_tim.o(.text)
    TIM_SelectMasterSlaveMode                0x08001c53   Thumb Code    18  stm32f10x_tim.o(.text)
    TIM_SetCounter                           0x08001c65   Thumb Code     4  stm32f10x_tim.o(.text)
    TIM_SetAutoreload                        0x08001c69   Thumb Code     4  stm32f10x_tim.o(.text)
    TIM_SetCompare1                          0x08001c6d   Thumb Code     4  stm32f10x_tim.o(.text)
    TIM_SetCompare2                          0x08001c71   Thumb Code     4  stm32f10x_tim.o(.text)
    TIM_SetCompare3                          0x08001c75   Thumb Code     4  stm32f10x_tim.o(.text)
    TIM_SetCompare4                          0x08001c79   Thumb Code     6  stm32f10x_tim.o(.text)
    TIM_SetClockDivision                     0x08001c7f   Thumb Code    18  stm32f10x_tim.o(.text)
    TIM_GetCapture1                          0x08001c91   Thumb Code     6  stm32f10x_tim.o(.text)
    TIM_GetCapture2                          0x08001c97   Thumb Code     6  stm32f10x_tim.o(.text)
    TIM_GetCapture3                          0x08001c9d   Thumb Code     6  stm32f10x_tim.o(.text)
    TIM_GetCapture4                          0x08001ca3   Thumb Code     8  stm32f10x_tim.o(.text)
    TIM_GetCounter                           0x08001cab   Thumb Code     6  stm32f10x_tim.o(.text)
    TIM_GetPrescaler                         0x08001cb1   Thumb Code     6  stm32f10x_tim.o(.text)
    TIM_GetFlagStatus                        0x08001cb7   Thumb Code    18  stm32f10x_tim.o(.text)
    TIM_ClearFlag                            0x08001cc9   Thumb Code     6  stm32f10x_tim.o(.text)
    TIM_GetITStatus                          0x08001ccf   Thumb Code    34  stm32f10x_tim.o(.text)
    TIM_ClearITPendingBit                    0x08001cf1   Thumb Code     6  stm32f10x_tim.o(.text)
    USART_DeInit                             0x08001cf9   Thumb Code   134  stm32f10x_usart.o(.text)
    USART_Init                               0x08001d7f   Thumb Code   210  stm32f10x_usart.o(.text)
    USART_StructInit                         0x08001e51   Thumb Code    24  stm32f10x_usart.o(.text)
    USART_ClockInit                          0x08001e69   Thumb Code    34  stm32f10x_usart.o(.text)
    USART_ClockStructInit                    0x08001e8b   Thumb Code    12  stm32f10x_usart.o(.text)
    USART_Cmd                                0x08001e97   Thumb Code    24  stm32f10x_usart.o(.text)
    USART_ITConfig                           0x08001eaf   Thumb Code    74  stm32f10x_usart.o(.text)
    USART_DMACmd                             0x08001ef9   Thumb Code    18  stm32f10x_usart.o(.text)
    USART_SetAddress                         0x08001f0b   Thumb Code    18  stm32f10x_usart.o(.text)
    USART_WakeUpConfig                       0x08001f1d   Thumb Code    18  stm32f10x_usart.o(.text)
    USART_ReceiverWakeUpCmd                  0x08001f2f   Thumb Code    24  stm32f10x_usart.o(.text)
    USART_LINBreakDetectLengthConfig         0x08001f47   Thumb Code    18  stm32f10x_usart.o(.text)
    USART_LINCmd                             0x08001f59   Thumb Code    24  stm32f10x_usart.o(.text)
    USART_SendData                           0x08001f71   Thumb Code     8  stm32f10x_usart.o(.text)
    USART_ReceiveData                        0x08001f79   Thumb Code    10  stm32f10x_usart.o(.text)
    USART_SendBreak                          0x08001f83   Thumb Code    10  stm32f10x_usart.o(.text)
    USART_SetGuardTime                       0x08001f8d   Thumb Code    16  stm32f10x_usart.o(.text)
    USART_SetPrescaler                       0x08001f9d   Thumb Code    16  stm32f10x_usart.o(.text)
    USART_SmartCardCmd                       0x08001fad   Thumb Code    24  stm32f10x_usart.o(.text)
    USART_SmartCardNACKCmd                   0x08001fc5   Thumb Code    24  stm32f10x_usart.o(.text)
    USART_HalfDuplexCmd                      0x08001fdd   Thumb Code    24  stm32f10x_usart.o(.text)
    USART_OverSampling8Cmd                   0x08001ff5   Thumb Code    22  stm32f10x_usart.o(.text)
    USART_OneBitMethodCmd                    0x0800200b   Thumb Code    24  stm32f10x_usart.o(.text)
    USART_IrDAConfig                         0x08002023   Thumb Code    18  stm32f10x_usart.o(.text)
    USART_IrDACmd                            0x08002035   Thumb Code    24  stm32f10x_usart.o(.text)
    USART_GetFlagStatus                      0x0800204d   Thumb Code    26  stm32f10x_usart.o(.text)
    USART_ClearFlag                          0x08002067   Thumb Code    18  stm32f10x_usart.o(.text)
    USART_GetITStatus                        0x08002079   Thumb Code    84  stm32f10x_usart.o(.text)
    USART_ClearITPendingBit                  0x080020cd   Thumb Code    52  stm32f10x_usart.o(.text)
    SystemInit                               0x080021df   Thumb Code    78  system_stm32f10x.o(.text)
    SystemCoreClockUpdate                    0x0800222d   Thumb Code   142  system_stm32f10x.o(.text)
    Reset_Handler                            0x080022e1   Thumb Code     8  startup_stm32f10x_md.o(.text)
    ADC1_2_IRQHandler                        0x080022fb   Thumb Code     0  startup_stm32f10x_md.o(.text)
    CAN1_RX1_IRQHandler                      0x080022fb   Thumb Code     0  startup_stm32f10x_md.o(.text)
    CAN1_SCE_IRQHandler                      0x080022fb   Thumb Code     0  startup_stm32f10x_md.o(.text)
    DMA1_Channel1_IRQHandler                 0x080022fb   Thumb Code     0  startup_stm32f10x_md.o(.text)
    DMA1_Channel2_IRQHandler                 0x080022fb   Thumb Code     0  startup_stm32f10x_md.o(.text)
    DMA1_Channel3_IRQHandler                 0x080022fb   Thumb Code     0  startup_stm32f10x_md.o(.text)
    DMA1_Channel4_IRQHandler                 0x080022fb   Thumb Code     0  startup_stm32f10x_md.o(.text)
    DMA1_Channel5_IRQHandler                 0x080022fb   Thumb Code     0  startup_stm32f10x_md.o(.text)
    DMA1_Channel6_IRQHandler                 0x080022fb   Thumb Code     0  startup_stm32f10x_md.o(.text)
    DMA1_Channel7_IRQHandler                 0x080022fb   Thumb Code     0  startup_stm32f10x_md.o(.text)
    EXTI0_IRQHandler                         0x080022fb   Thumb Code     0  startup_stm32f10x_md.o(.text)
    EXTI15_10_IRQHandler                     0x080022fb   Thumb Code     0  startup_stm32f10x_md.o(.text)
    EXTI1_IRQHandler                         0x080022fb   Thumb Code     0  startup_stm32f10x_md.o(.text)
    EXTI2_IRQHandler                         0x080022fb   Thumb Code     0  startup_stm32f10x_md.o(.text)
    EXTI3_IRQHandler                         0x080022fb   Thumb Code     0  startup_stm32f10x_md.o(.text)
    EXTI4_IRQHandler                         0x080022fb   Thumb Code     0  startup_stm32f10x_md.o(.text)
    EXTI9_5_IRQHandler                       0x080022fb   Thumb Code     0  startup_stm32f10x_md.o(.text)
    FLASH_IRQHandler                         0x080022fb   Thumb Code     0  startup_stm32f10x_md.o(.text)
    I2C1_ER_IRQHandler                       0x080022fb   Thumb Code     0  startup_stm32f10x_md.o(.text)
    I2C1_EV_IRQHandler                       0x080022fb   Thumb Code     0  startup_stm32f10x_md.o(.text)
    I2C2_ER_IRQHandler                       0x080022fb   Thumb Code     0  startup_stm32f10x_md.o(.text)
    I2C2_EV_IRQHandler                       0x080022fb   Thumb Code     0  startup_stm32f10x_md.o(.text)
    PVD_IRQHandler                           0x080022fb   Thumb Code     0  startup_stm32f10x_md.o(.text)
    RCC_IRQHandler                           0x080022fb   Thumb Code     0  startup_stm32f10x_md.o(.text)
    RTCAlarm_IRQHandler                      0x080022fb   Thumb Code     0  startup_stm32f10x_md.o(.text)
    RTC_IRQHandler                           0x080022fb   Thumb Code     0  startup_stm32f10x_md.o(.text)
    SPI1_IRQHandler                          0x080022fb   Thumb Code     0  startup_stm32f10x_md.o(.text)
    SPI2_IRQHandler                          0x080022fb   Thumb Code     0  startup_stm32f10x_md.o(.text)
    TAMPER_IRQHandler                        0x080022fb   Thumb Code     0  startup_stm32f10x_md.o(.text)
    TIM1_BRK_IRQHandler                      0x080022fb   Thumb Code     0  startup_stm32f10x_md.o(.text)
    TIM1_CC_IRQHandler                       0x080022fb   Thumb Code     0  startup_stm32f10x_md.o(.text)
    TIM1_TRG_COM_IRQHandler                  0x080022fb   Thumb Code     0  startup_stm32f10x_md.o(.text)
    TIM1_UP_IRQHandler                       0x080022fb   Thumb Code     0  startup_stm32f10x_md.o(.text)
    TIM3_IRQHandler                          0x080022fb   Thumb Code     0  startup_stm32f10x_md.o(.text)
    TIM4_IRQHandler                          0x080022fb   Thumb Code     0  startup_stm32f10x_md.o(.text)
    USART3_IRQHandler                        0x080022fb   Thumb Code     0  startup_stm32f10x_md.o(.text)
    USBWakeUp_IRQHandler                     0x080022fb   Thumb Code     0  startup_stm32f10x_md.o(.text)
    USB_HP_CAN1_TX_IRQHandler                0x080022fb   Thumb Code     0  startup_stm32f10x_md.o(.text)
    USB_LP_CAN1_RX0_IRQHandler               0x080022fb   Thumb Code     0  startup_stm32f10x_md.o(.text)
    WWDG_IRQHandler                          0x080022fb   Thumb Code     0  startup_stm32f10x_md.o(.text)
    __user_initial_stackheap                 0x080022fd   Thumb Code     0  startup_stm32f10x_md.o(.text)
    __use_two_region_memory                  0x08002321   Thumb Code     2  heapauxi.o(.text)
    __rt_heap_escrow$2region                 0x08002323   Thumb Code     2  heapauxi.o(.text)
    __rt_heap_expand$2region                 0x08002325   Thumb Code     2  heapauxi.o(.text)
    __user_setup_stackheap                   0x08002327   Thumb Code    74  sys_stackheap_outer.o(.text)
    exit                                     0x08002371   Thumb Code    12  exit.o(.text)
    __user_libspace                          0x0800237d   Thumb Code     8  libspace.o(.text)
    __user_perproc_libspace                  0x0800237d   Thumb Code     0  libspace.o(.text)
    __user_perthread_libspace                0x0800237d   Thumb Code     0  libspace.o(.text)
    _sys_exit                                0x08002385   Thumb Code     8  sys_exit.o(.text)
    __I$use$semihosting                      0x08002391   Thumb Code     0  use_no_semi.o(.text)
    __use_no_semihosting_swi                 0x08002391   Thumb Code     2  use_no_semi.o(.text)
    __fpl_fcmp_Inf                           0x08002393   Thumb Code    24  fcmpi.o(x$fpl$fcmpinf)
    __semihosting_library_function           0x08002393   Thumb Code     0  indicate_semi.o(.text)
    __aeabi_cfcmpeq                          0x080023ad   Thumb Code     0  feqf.o(x$fpl$feqf)
    _fcmpeq                                  0x080023ad   Thumb Code   104  feqf.o(x$fpl$feqf)
    __aeabi_f2uiz                            0x08002415   Thumb Code     0  ffixu.o(x$fpl$ffixu)
    _ffixu                                   0x08002415   Thumb Code    62  ffixu.o(x$fpl$ffixu)
    __fpl_fnaninf                            0x08002453   Thumb Code   140  fnaninf.o(x$fpl$fnaninf)
    __I$use$fp                               0x080024de   Number         0  usenofp.o(x$fpl$usenofp)
    Region$$Table$$Base                      0x0800250c   Number         0  anon$$obj.o(Region$$Table)
    Region$$Table$$Limit                     0x0800252c   Number         0  anon$$obj.o(Region$$Table)
    Times                                    0x20000000   Data           1  main.o(.data)
    First_Int                                0x20000001   Data           1  main.o(.data)
    shijian                                  0x20000002   Data           1  main.o(.data)
    Heartbeat                                0x20000004   Data           2  main.o(.data)
    Timer0_start                             0x20000006   Data           1  main.o(.data)
    Heart_beat                               0x20000007   Data           1  main.o(.data)
    ATCMD_number                             0x20000008   Data           4  main.o(.data)
    AT_Command                               0x2000000c   Data          16  main.o(.data)
    data                                     0x2000001c   Data           2  main.o(.data)
    SystemCoreClock                          0x20000038   Data           4  system_stm32f10x.o(.data)
    AHBPrescTable                            0x2000003c   Data          16  system_stm32f10x.o(.data)
    Uart2_Buf                                0x2000004c   Data         200  main.o(.bss)
    __libspace_start                         0x20000114   Data          96  libspace.o(.bss)
    __temporary_stack_top$libspace           0x20000174   Data           0  libspace.o(.bss)



==============================================================================

Memory Map of the image

  Image Entry point : 0x080000ed

  Load Region LR_IROM1 (Base: 0x08000000, Size: 0x00002578, Max: 0x00020000, ABSOLUTE)

    Execution Region ER_IROM1 (Base: 0x08000000, Size: 0x0000252c, Max: 0x00020000, ABSOLUTE)

    Base Addr    Size         Type   Attr      Idx    E Section Name        Object

    0x08000000   0x000000ec   Data   RO          264    RESET               startup_stm32f10x_md.o
    0x080000ec   0x00000008   Code   RO          273  * !!!main             c_w.l(__main.o)
    0x080000f4   0x00000034   Code   RO          440    !!!scatter          c_w.l(__scatter.o)
    0x08000128   0x0000001a   Code   RO          442    !!handler_copy      c_w.l(__scatter_copy.o)
    0x08000142   0x00000002   PAD
    0x08000144   0x0000001c   Code   RO          444    !!handler_zi        c_w.l(__scatter_zi.o)
    0x08000160   0x00000002   Code   RO          311    .ARM.Collect$$libinit$$00000000  c_w.l(libinit.o)
    0x08000162   0x00000000   Code   RO          318    .ARM.Collect$$libinit$$00000002  c_w.l(libinit2.o)
    0x08000162   0x00000000   Code   RO          320    .ARM.Collect$$libinit$$00000004  c_w.l(libinit2.o)
    0x08000162   0x00000000   Code   RO          323    .ARM.Collect$$libinit$$0000000A  c_w.l(libinit2.o)
    0x08000162   0x00000000   Code   RO          325    .ARM.Collect$$libinit$$0000000C  c_w.l(libinit2.o)
    0x08000162   0x00000000   Code   RO          327    .ARM.Collect$$libinit$$0000000E  c_w.l(libinit2.o)
    0x08000162   0x00000000   Code   RO          330    .ARM.Collect$$libinit$$00000011  c_w.l(libinit2.o)
    0x08000162   0x00000000   Code   RO          332    .ARM.Collect$$libinit$$00000013  c_w.l(libinit2.o)
    0x08000162   0x00000000   Code   RO          334    .ARM.Collect$$libinit$$00000015  c_w.l(libinit2.o)
    0x08000162   0x00000000   Code   RO          336    .ARM.Collect$$libinit$$00000017  c_w.l(libinit2.o)
    0x08000162   0x00000000   Code   RO          338    .ARM.Collect$$libinit$$00000019  c_w.l(libinit2.o)
    0x08000162   0x00000000   Code   RO          340    .ARM.Collect$$libinit$$0000001B  c_w.l(libinit2.o)
    0x08000162   0x00000000   Code   RO          342    .ARM.Collect$$libinit$$0000001D  c_w.l(libinit2.o)
    0x08000162   0x00000000   Code   RO          344    .ARM.Collect$$libinit$$0000001F  c_w.l(libinit2.o)
    0x08000162   0x00000000   Code   RO          346    .ARM.Collect$$libinit$$00000021  c_w.l(libinit2.o)
    0x08000162   0x00000000   Code   RO          348    .ARM.Collect$$libinit$$00000023  c_w.l(libinit2.o)
    0x08000162   0x00000000   Code   RO          350    .ARM.Collect$$libinit$$00000025  c_w.l(libinit2.o)
    0x08000162   0x00000000   Code   RO          354    .ARM.Collect$$libinit$$0000002C  c_w.l(libinit2.o)
    0x08000162   0x00000000   Code   RO          356    .ARM.Collect$$libinit$$0000002E  c_w.l(libinit2.o)
    0x08000162   0x00000000   Code   RO          358    .ARM.Collect$$libinit$$00000030  c_w.l(libinit2.o)
    0x08000162   0x00000000   Code   RO          360    .ARM.Collect$$libinit$$00000032  c_w.l(libinit2.o)
    0x08000162   0x00000002   Code   RO          361    .ARM.Collect$$libinit$$00000033  c_w.l(libinit2.o)
    0x08000164   0x00000002   Code   RO          381    .ARM.Collect$$libshutdown$$00000000  c_w.l(libshutdown.o)
    0x08000166   0x00000000   Code   RO          395    .ARM.Collect$$libshutdown$$00000003  c_w.l(libshutdown2.o)
    0x08000166   0x00000000   Code   RO          398    .ARM.Collect$$libshutdown$$00000006  c_w.l(libshutdown2.o)
    0x08000166   0x00000000   Code   RO          401    .ARM.Collect$$libshutdown$$00000009  c_w.l(libshutdown2.o)
    0x08000166   0x00000000   Code   RO          403    .ARM.Collect$$libshutdown$$0000000B  c_w.l(libshutdown2.o)
    0x08000166   0x00000000   Code   RO          406    .ARM.Collect$$libshutdown$$0000000E  c_w.l(libshutdown2.o)
    0x08000166   0x00000002   Code   RO          407    .ARM.Collect$$libshutdown$$0000000F  c_w.l(libshutdown2.o)
    0x08000168   0x00000000   Code   RO          281    .ARM.Collect$$rtentry$$00000000  c_w.l(__rtentry.o)
    0x08000168   0x00000000   Code   RO          288    .ARM.Collect$$rtentry$$00000002  c_w.l(__rtentry2.o)
    0x08000168   0x00000006   Code   RO          300    .ARM.Collect$$rtentry$$00000004  c_w.l(__rtentry4.o)
    0x0800016e   0x00000000   Code   RO          290    .ARM.Collect$$rtentry$$00000009  c_w.l(__rtentry2.o)
    0x0800016e   0x00000004   Code   RO          291    .ARM.Collect$$rtentry$$0000000A  c_w.l(__rtentry2.o)
    0x08000172   0x00000000   Code   RO          293    .ARM.Collect$$rtentry$$0000000C  c_w.l(__rtentry2.o)
    0x08000172   0x00000008   Code   RO          294    .ARM.Collect$$rtentry$$0000000D  c_w.l(__rtentry2.o)
    0x0800017a   0x00000002   Code   RO          315    .ARM.Collect$$rtexit$$00000000  c_w.l(rtexit.o)
    0x0800017c   0x00000000   Code   RO          363    .ARM.Collect$$rtexit$$00000002  c_w.l(rtexit2.o)
    0x0800017c   0x00000004   Code   RO          364    .ARM.Collect$$rtexit$$00000003  c_w.l(rtexit2.o)
    0x08000180   0x00000006   Code   RO          365    .ARM.Collect$$rtexit$$00000004  c_w.l(rtexit2.o)
    0x08000186   0x00000002   PAD
    0x08000188   0x0000019c   Code   RO            1    .text               main.o
    0x08000324   0x00000020   Code   RO           70    .text               stm32f10x_it.o
    0x08000344   0x000001dc   Code   RO           85    .text               usart.o
    0x08000520   0x000000b0   Code   RO          116    .text               led.o
    0x080005d0   0x000000d4   Code   RO          128    .text               systick.o
    0x080006a4   0x0000005c   Code   RO          146    .text               timer.o
    0x08000700   0x000000dc   Code   RO          159    .text               misc.o
    0x080007dc   0x0000035c   Code   RO          183    .text               stm32f10x_gpio.o
    0x08000b38   0x000003a4   Code   RO          195    .text               stm32f10x_rcc.o
    0x08000edc   0x00000e1a   Code   RO          209    .text               stm32f10x_tim.o
    0x08001cf6   0x00000002   PAD
    0x08001cf8   0x00000408   Code   RO          221    .text               stm32f10x_usart.o
    0x08002100   0x000001e0   Code   RO          244    .text               system_stm32f10x.o
    0x080022e0   0x00000040   Code   RO          265    .text               startup_stm32f10x_md.o
    0x08002320   0x00000006   Code   RO          271    .text               c_w.l(heapauxi.o)
    0x08002326   0x0000004a   Code   RO          302    .text               c_w.l(sys_stackheap_outer.o)
    0x08002370   0x0000000c   Code   RO          304    .text               c_w.l(exit.o)
    0x0800237c   0x00000008   Code   RO          312    .text               c_w.l(libspace.o)
    0x08002384   0x0000000c   Code   RO          373    .text               c_w.l(sys_exit.o)
    0x08002390   0x00000002   Code   RO          384    .text               c_w.l(use_no_semi.o)
    0x08002392   0x00000000   Code   RO          386    .text               c_w.l(indicate_semi.o)
    0x08002392   0x00000018   Code   RO          282    x$fpl$fcmpinf       fz_ws.l(fcmpi.o)
    0x080023aa   0x00000002   PAD
    0x080023ac   0x00000068   Code   RO          275    x$fpl$feqf          fz_ws.l(feqf.o)
    0x08002414   0x0000003e   Code   RO          277    x$fpl$ffixu         fz_ws.l(ffixu.o)
    0x08002452   0x0000008c   Code   RO          284    x$fpl$fnaninf       fz_ws.l(fnaninf.o)
    0x080024de   0x00000000   Code   RO          286    x$fpl$usenofp       fz_ws.l(usenofp.o)
    0x080024de   0x00000002   PAD
    0x080024e0   0x0000002b   Data   RO            3    .conststring        main.o
    0x0800250b   0x00000001   PAD
    0x0800250c   0x00000020   Data   RO          438    Region$$Table       anon$$obj.o


    Execution Region RW_IRAM1 (Base: 0x20000000, Size: 0x00000778, Max: 0x00005000, ABSOLUTE)

    Base Addr    Size         Type   Attr      Idx    E Section Name        Object

    0x20000000   0x0000001f   Data   RW            4    .data               main.o
    0x2000001f   0x00000001   PAD
    0x20000020   0x00000004   Data   RW          129    .data               systick.o
    0x20000024   0x00000014   Data   RW          196    .data               stm32f10x_rcc.o
    0x20000038   0x00000014   Data   RW          245    .data               system_stm32f10x.o
    0x2000004c   0x000000c8   Zero   RW            2    .bss                main.o
    0x20000114   0x00000060   Zero   RW          313    .bss                c_w.l(libspace.o)
    0x20000174   0x00000004   PAD
    0x20000178   0x00000200   Zero   RW          263    HEAP                startup_stm32f10x_md.o
    0x20000378   0x00000400   Zero   RW          262    STACK               startup_stm32f10x_md.o


==============================================================================

Image component sizes


      Code (inc. data)   RO Data    RW Data    ZI Data      Debug   Object Name

         0          0          0          0          0         32   core_cm3.o
       176          4          0          0          0       1569   led.o
       412         74         43         31        200     253576   main.o
       220         22          0          0          0       1741   misc.o
        64         26        236          0       1536        824   startup_stm32f10x_md.o
       860         38          0          0          0       5585   stm32f10x_gpio.o
        32          0          0          0          0       1270   stm32f10x_it.o
       932         36          0         20          0       8744   stm32f10x_rcc.o
      3610         88          0          0          0      22068   stm32f10x_tim.o
      1032         22          0          0          0       8312   stm32f10x_usart.o
       480         38          0         20          0       1791   system_stm32f10x.o
       212         16          0          4          0      16461   systick.o
        92          0          0          0          0        565   timer.o
       476         14          0          0          0       1838   usart.o

    ----------------------------------------------------------------------
      8600        378        312         76       1736     324376   Object Totals
         0          0         32          0          0          0   (incl. Generated)
         2          0          1          1          0          0   (incl. Padding)

    ----------------------------------------------------------------------

      Code (inc. data)   RO Data    RW Data    ZI Data      Debug   Library Member Name

         8          0          0          0          0         68   __main.o
         0          0          0          0          0          0   __rtentry.o
        12          0          0          0          0          0   __rtentry2.o
         6          0          0          0          0          0   __rtentry4.o
        52          8          0          0          0          0   __scatter.o
        26          0          0          0          0          0   __scatter_copy.o
        28          0          0          0          0          0   __scatter_zi.o
        12          0          0          0          0         72   exit.o
         6          0          0          0          0        152   heapauxi.o
         0          0          0          0          0          0   indicate_semi.o
         2          0          0          0          0          0   libinit.o
         2          0          0          0          0          0   libinit2.o
         2          0          0          0          0          0   libshutdown.o
         2          0          0          0          0          0   libshutdown2.o
         8          4          0          0         96         68   libspace.o
         2          0          0          0          0          0   rtexit.o
        10          0          0          0          0          0   rtexit2.o
        12          4          0          0          0         68   sys_exit.o
        74          0          0          0          0         80   sys_stackheap_outer.o
         2          0          0          0          0         68   use_no_semi.o
        24          0          0          0          0         68   fcmpi.o
       104          4          0          0          0         84   feqf.o
        62          4          0          0          0         84   ffixu.o
       140          4          0          0          0         84   fnaninf.o
         0          0          0          0          0          0   usenofp.o

    ----------------------------------------------------------------------
       604         28          0          0        100        896   Library Totals
         8          0          0          0          4          0   (incl. Padding)

    ----------------------------------------------------------------------

      Code (inc. data)   RO Data    RW Data    ZI Data      Debug   Library Name

       266         16          0          0         96        576   c_w.l
       330         12          0          0          0        320   fz_ws.l

    ----------------------------------------------------------------------
       604         28          0          0        100        896   Library Totals

    ----------------------------------------------------------------------

==============================================================================


      Code (inc. data)   RO Data    RW Data    ZI Data      Debug   

      9204        406        312         76       1836     323760   Grand Totals
      9204        406        312         76       1836     323760   ELF Image Totals
      9204        406        312         76          0          0   ROM Totals

==============================================================================

    Total RO  Size (Code + RO Data)                 9516 (   9.29kB)
    Total RW  Size (RW Data + ZI Data)              1912 (   1.87kB)
    Total ROM Size (Code + RO Data + RW Data)       9592 (   9.37kB)

==============================================================================

